2026-09-10 08:58:37  INFO  Iniciando test: altaPolizaIndividualSinMatricula
2026-09-10 08:58:37  INFO  Carpeta del test creada en: C:\Users\PIC2511\eclipse-workspace\SD\evidencias\SD_20260910\altaPolizaIndividualSinMatricula
2026-09-10 08:58:41  INFO  Navegando a: https://consorcio:CcsCast3llaNa!@apacheppro.intranet.consorseguros.es/SDProduccionTest/servlet/login.do
2026-09-10 08:58:45  INFO  Datos generales rellenos
2026-09-10 08:58:48  INFO  Captura de página completa adjuntada: Datos tomador
2026-09-10 08:58:49  INFO  Datos tomador rellenos. DNI: 46291767N
2026-09-10 08:58:52  INFO  Captura de página completa adjuntada: Datos dirección
2026-09-10 08:58:52  INFO  Direccion rellena
2026-09-10 08:58:58  INFO  Captura de página completa adjuntada: Datos vehículo
2026-09-10 08:58:58  INFO  Vehiculo relleno
2026-09-10 09:00:45  INFO  Iniciando test: altaPolizaIndividualSinMatricula
2026-09-10 09:00:45  INFO  Carpeta del test creada en: C:\Users\PIC2511\eclipse-workspace\SD\evidencias\SD_20260910\altaPolizaIndividualSinMatricula
2026-09-10 09:00:48  INFO  Navegando a: https://consorcio:CcsCast3llaNa!@apacheppro.intranet.consorseguros.es/SDProduccionTest/servlet/login.do
2026-09-10 09:00:52  INFO  Datos generales rellenos
2026-09-10 09:00:55  INFO  Captura de página completa adjuntada: Datos tomador
2026-09-10 09:00:55  INFO  Datos tomador rellenos. DNI: 46291767N
2026-09-10 09:00:58  INFO  Captura de página completa adjuntada: Datos dirección
2026-09-10 09:00:59  INFO  Direccion rellena
2026-09-10 09:03:02  INFO  Iniciando test: altaPolizaIndividualSinMatricula
2026-09-10 09:03:02  INFO  Carpeta del test creada en: C:\Users\PIC2511\eclipse-workspace\SD\evidencias\SD_20260910\altaPolizaIndividualSinMatricula
2026-09-10 09:03:05  INFO  Navegando a: https://consorcio:CcsCast3llaNa!@apacheppro.intranet.consorseguros.es/SDProduccionTest/servlet/login.do
2026-09-10 09:03:09  INFO  Datos generales rellenos
2026-09-10 09:03:11  INFO  Captura de página completa adjuntada: Datos tomador
2026-09-10 09:03:12  INFO  Datos tomador rellenos. DNI: 46291767N
2026-09-10 09:03:15  INFO  Captura de página completa adjuntada: Datos dirección
2026-09-10 09:03:15  INFO  Direccion rellena
2026-09-10 09:23:26  INFO  Iniciando test: altaPolizaIndividualSinMatricula
2026-09-10 09:23:26  INFO  Carpeta del test creada en: C:\Users\PIC2511\eclipse-workspace\SD\evidencias\SD_20260910\altaPolizaIndividualSinMatricula
2026-09-10 09:23:30  INFO  Navegando a: https://consorcio:CcsCast3llaNa!@apacheppro.intranet.consorseguros.es/SDProduccionTest/servlet/login.do
2026-09-10 09:23:33  INFO  Datos generales rellenos
2026-09-10 09:23:36  INFO  Captura de página completa adjuntada: Datos tomador
2026-09-10 09:23:36  INFO  Datos tomador rellenos. DNI: 46291767N
2026-09-10 09:23:39  INFO  Captura de página completa adjuntada: Datos dirección
2026-09-10 09:23:40  INFO  Direccion rellena
2026-09-10 09:23:45  INFO  Captura de página completa adjuntada: Datos vehículo
2026-09-10 09:23:46  INFO  Vehiculo relleno
2026-09-10 09:23:49  INFO  Captura de página completa adjuntada: Alta ok
2026-09-10 09:23:49  INFO  Alta poliza realizada correctamente
2026-09-10 11:21:44  INFO  Iniciando test: altaPolizaIndividualSinMatricula
2026-09-10 11:21:44  INFO  Carpeta del test creada en: C:\Users\PIC2511\eclipse-workspace\SD\evidencias\SD_20260910\altaPolizaIndividualSinMatricula
2026-09-10 11:21:45  INFO  Navegando a: https://consorcio:CcsCast3llaNa!@apacheppro.intranet.consorseguros.es/SDProduccionTest/servlet/login.do
2026-09-10 11:21:49  INFO  Datos generales rellenos
2026-09-10 11:21:50  INFO  Captura de página completa adjuntada: Datos tomador
2026-09-10 11:21:51  INFO  Datos tomador rellenos. DNI: 46291767N
2026-09-10 11:21:54  INFO  Captura de página completa adjuntada: Datos dirección
2026-09-10 11:21:54  INFO  Direccion rellena
2026-09-10 11:22:00  INFO  Captura de página completa adjuntada: Datos vehículo
2026-09-10 11:22:01  INFO  Vehiculo relleno
2026-09-10 11:22:03  INFO  Captura de página completa adjuntada: Alta ok
2026-09-10 11:22:03  INFO  Alta poliza realizada correctamente
2026-09-10 11:27:52  INFO  Iniciando test: altaPolizaIndividualSinMatricula
2026-09-10 11:27:52  INFO  Carpeta del test creada en: C:\Users\PIC2511\eclipse-workspace\SD\evidencias\SD_20260910\altaPolizaIndividualSinMatricula
2026-09-10 11:27:53  INFO  Navegando a: https://consorcio:CcsCast3llaNa!@apacheppro.intranet.consorseguros.es/SDProduccionTest/servlet/login.do
2026-09-10 11:27:57  INFO  Datos generales rellenos
2026-09-10 11:27:59  INFO  Captura de página completa adjuntada: Datos tomador
2026-09-10 11:27:59  INFO  Datos tomador rellenos. DNI: 46291767N
2026-09-10 11:28:03  INFO  Captura de página completa adjuntada: Datos dirección
2026-09-10 11:28:03  INFO  Direccion rellena
2026-09-10 11:28:09  INFO  Captura de página completa adjuntada: Datos vehículo
2026-09-10 11:28:09  INFO  Vehiculo relleno
2026-09-10 11:28:12  INFO  Captura de página completa adjuntada: Alta ok
2026-09-10 11:28:12  INFO  Alta poliza realizada correctamente
2026-09-10 11:38:26  INFO  Iniciando test: altaPolizaIndividualSinMatricula
2026-09-10 11:38:26  INFO  Carpeta del test creada en: C:\Users\PIC2511\eclipse-workspace\SD\evidencias\SD_20260910\altaPolizaIndividualSinMatricula
2026-09-10 11:38:27  INFO  Navegando a: https://consorcio:CcsCast3llaNa!@apacheppro.intranet.consorseguros.es/SDProduccionTest/servlet/login.do
2026-09-10 11:38:31  INFO  Datos generales rellenos
2026-09-10 11:38:33  INFO  Captura de página completa adjuntada: Datos tomador
2026-09-10 11:38:33  INFO  Datos tomador rellenos. DNI: 46291767N
2026-09-10 11:38:37  INFO  Captura de página completa adjuntada: Datos dirección
2026-09-10 11:38:37  INFO  Direccion rellena
2026-09-10 11:38:43  INFO  Captura de página completa adjuntada: Datos vehículo
2026-09-10 11:38:43  INFO  Vehiculo relleno
2026-09-10 11:38:46  INFO  Captura de página completa adjuntada: Alta ok
2026-09-10 11:38:46  INFO  Alta poliza realizada correctamente
