2026-09-10 09:04:06  INFO  Iniciando test: altaPolizaFlotaSinMatricula
2026-09-10 09:04:06  INFO  Carpeta del test creada en: C:\Users\PIC2511\eclipse-workspace\SD\evidencias\SD_20260910\altaPolizaFlotaSinMatricula
2026-09-10 09:04:08  INFO  Navegando a: https://consorcio:CcsCast3llaNa!@apacheppro.intranet.consorseguros.es/SDProduccionTest/servlet/login.do
2026-09-10 09:04:12  INFO  Datos generales rellenos
2026-09-10 09:04:14  INFO  Captura de página completa adjuntada: Datos tomador
2026-09-10 09:04:14  INFO  Datos tomador rellenos. DNI: 46291767N
2026-09-10 09:04:18  INFO  Captura de página completa adjuntada: Datos dirección
2026-09-10 09:04:18  INFO  Direccion rellena
2026-09-10 09:24:36  INFO  Iniciando test: altaPolizaFlotaSinMatricula
2026-09-10 09:24:36  INFO  Carpeta del test creada en: C:\Users\PIC2511\eclipse-workspace\SD\evidencias\SD_20260910\altaPolizaFlotaSinMatricula
2026-09-10 09:24:36  INFO  Navegando a: https://consorcio:CcsCast3llaNa!@apacheppro.intranet.consorseguros.es/SDProduccionTest/servlet/login.do
2026-09-10 09:24:40  INFO  Datos generales rellenos
2026-09-10 09:24:42  INFO  Captura de página completa adjuntada: Datos tomador
2026-09-10 09:24:43  INFO  Datos tomador rellenos. DNI: 46291767N
2026-09-10 09:24:46  INFO  Captura de página completa adjuntada: Datos dirección
2026-09-10 09:24:46  INFO  Direccion rellena
2026-09-10 09:24:52  INFO  Captura de página completa adjuntada: Datos vehículo
2026-09-10 09:24:52  INFO  Vehiculo1 relleno
2026-09-10 09:24:56  INFO  Captura de página completa adjuntada: Alta ok
2026-09-10 09:24:56  INFO  Alta poliza 1 realizada correctamente
2026-09-10 09:25:01  INFO  Captura de página completa adjuntada: Alta ok
2026-09-10 09:25:01  INFO  Alta poliza 2 realizada correctamente
2026-09-10 11:22:51  INFO  Iniciando test: altaPolizaFlotaSinMatricula
2026-09-10 11:22:51  INFO  Carpeta del test creada en: C:\Users\PIC2511\eclipse-workspace\SD\evidencias\SD_20260910\altaPolizaFlotaSinMatricula
2026-09-10 11:22:52  INFO  Navegando a: https://consorcio:CcsCast3llaNa!@apacheppro.intranet.consorseguros.es/SDProduccionTest/servlet/login.do
2026-09-10 11:22:55  INFO  Datos generales rellenos
2026-09-10 11:22:57  INFO  Captura de página completa adjuntada: Datos tomador
2026-09-10 11:29:02  INFO  Iniciando test: altaPolizaFlotaSinMatricula
2026-09-10 11:29:02  INFO  Carpeta del test creada en: C:\Users\PIC2511\eclipse-workspace\SD\evidencias\SD_20260910\altaPolizaFlotaSinMatricula
2026-09-10 11:29:03  INFO  Navegando a: https://consorcio:CcsCast3llaNa!@apacheppro.intranet.consorseguros.es/SDProduccionTest/servlet/login.do
2026-09-10 11:29:07  INFO  Datos generales rellenos
2026-09-10 11:29:09  INFO  Captura de página completa adjuntada: Datos tomador
2026-09-10 11:29:10  INFO  Datos tomador rellenos. DNI: 46291767N
2026-09-10 11:29:14  INFO  Captura de página completa adjuntada: Datos vehículo
2026-09-10 11:29:15  INFO  Vehiculo1 relleno
2026-09-10 11:31:20  INFO  Iniciando test: altaPolizaFlotaSinMatricula
2026-09-10 11:31:20  INFO  Carpeta del test creada en: C:\Users\PIC2511\eclipse-workspace\SD\evidencias\SD_20260910\altaPolizaFlotaSinMatricula
2026-09-10 11:31:24  INFO  Navegando a: https://consorcio:CcsCast3llaNa!@apacheppro.intranet.consorseguros.es/SDProduccionTest/servlet/login.do
2026-09-10 11:31:28  INFO  Datos generales rellenos
2026-09-10 11:31:30  INFO  Captura de página completa adjuntada: Datos tomador
2026-09-10 11:31:30  INFO  Datos tomador rellenos. DNI: 46291767N
2026-09-10 11:31:35  INFO  Captura de página completa adjuntada: Datos vehículo
2026-09-10 11:32:20  INFO  Vehiculo1 relleno
2026-09-10 11:34:12  INFO  Iniciando test: altaPolizaFlotaSinMatricula
2026-09-10 11:34:12  INFO  Carpeta del test creada en: C:\Users\PIC2511\eclipse-workspace\SD\evidencias\SD_20260910\altaPolizaFlotaSinMatricula
2026-09-10 11:34:15  INFO  Navegando a: https://consorcio:CcsCast3llaNa!@apacheppro.intranet.consorseguros.es/SDProduccionTest/servlet/login.do
2026-09-10 11:34:20  INFO  Datos generales rellenos
2026-09-10 11:34:22  INFO  Captura de página completa adjuntada: Datos tomador
2026-09-10 11:34:23  INFO  Datos tomador rellenos. DNI: 46291767N
2026-09-10 11:34:54  INFO  Captura de página completa adjuntada: Datos vehículo
2026-09-10 11:37:04  INFO  Iniciando test: altaPolizaFlotaSinMatricula
2026-09-10 11:37:04  INFO  Carpeta del test creada en: C:\Users\PIC2511\eclipse-workspace\SD\evidencias\SD_20260910\altaPolizaFlotaSinMatricula
2026-09-10 11:37:06  INFO  Navegando a: https://consorcio:CcsCast3llaNa!@apacheppro.intranet.consorseguros.es/SDProduccionTest/servlet/login.do
2026-09-10 11:37:10  INFO  Datos generales rellenos
2026-09-10 11:37:13  INFO  Captura de página completa adjuntada: Datos tomador
2026-09-10 11:37:13  INFO  Datos tomador rellenos. DNI: 46291767N
2026-09-10 11:37:16  INFO  Captura de página completa adjuntada: Datos dirección
2026-09-10 11:37:17  INFO  Direccion rellena
2026-09-10 11:37:22  INFO  Captura de página completa adjuntada: Datos vehículo
2026-09-10 11:37:23  INFO  Vehiculo1 relleno
2026-09-10 11:37:26  INFO  Captura de página completa adjuntada: Alta ok
2026-09-10 11:37:26  INFO  Alta poliza 1 realizada correctamente
2026-09-10 11:37:30  INFO  Captura de página completa adjuntada: Guardar vehículo adicional
2026-09-10 11:37:34  INFO  Captura de página completa adjuntada: Alta ok
2026-09-10 11:37:34  INFO  Alta poliza 2 realizada correctamente
2026-09-10 11:39:34  INFO  Iniciando test: altaPolizaFlotaSinMatricula
2026-09-10 11:39:34  INFO  Carpeta del test creada en: C:\Users\PIC2511\eclipse-workspace\SD\evidencias\SD_20260910\altaPolizaFlotaSinMatricula
2026-09-10 11:39:35  INFO  Navegando a: https://consorcio:CcsCast3llaNa!@apacheppro.intranet.consorseguros.es/SDProduccionTest/servlet/login.do
2026-09-10 11:39:39  INFO  Datos generales rellenos
2026-09-10 11:39:41  INFO  Captura de página completa adjuntada: Datos tomador
2026-09-10 11:39:42  INFO  Datos tomador rellenos. DNI: 46291767N
2026-09-10 11:39:45  INFO  Captura de página completa adjuntada: Datos dirección
2026-09-10 11:39:45  INFO  Direccion rellena
2026-09-10 11:39:51  INFO  Captura de página completa adjuntada: Datos vehículo
2026-09-10 11:39:51  INFO  Vehiculo1 relleno
2026-09-10 11:39:55  INFO  Captura de página completa adjuntada: Alta ok
2026-09-10 11:39:55  INFO  Alta poliza 1 realizada correctamente
2026-09-10 11:39:58  INFO  Captura de página completa adjuntada: Guardar vehículo adicional
2026-09-10 11:40:01  INFO  Captura de página completa adjuntada: Alta ok
2026-09-10 11:40:01  INFO  Alta poliza 2 realizada correctamente
