2026-09-09 14:16:22  INFO  Iniciando test: altaPolizaIndividual
2026-09-09 14:16:22  INFO  Carpeta del test creada en: C:\Users\PIC2511\eclipse-workspace\SD\evidencias\SD_20260909\altaPolizaIndividual
2026-09-09 14:16:26  INFO  Navegando a: https://consorcio:CcsCast3llaNa!@apacheppro.intranet.consorseguros.es/SDProduccionTest/servlet/login.do
2026-09-09 14:16:30  INFO  Datos generales rellenos
2026-09-09 14:16:32  INFO  Captura de página completa (AShot) adjuntada: Datos tomador
2026-09-09 14:16:33  INFO  Datos tomador rellenos. DNI: 46291767N
2026-09-09 14:16:34  INFO  Direccion rellena
2026-09-09 14:16:36  INFO  Vehiculo relleno
2026-09-09 14:16:38  INFO  Alta poliza realizada correctamente
2026-09-09 14:21:39  INFO  Iniciando test: altaPolizaIndividual
2026-09-09 14:21:39  INFO  Carpeta del test creada en: C:\Users\PIC2511\eclipse-workspace\SD\evidencias\SD_20260909\altaPolizaIndividual
2026-09-09 14:21:42  INFO  Navegando a: https://consorcio:CcsCast3llaNa!@apacheppro.intranet.consorseguros.es/SDProduccionTest/servlet/login.do
2026-09-09 14:21:46  INFO  Datos generales rellenos
2026-09-09 14:21:48  INFO  Captura de página completa (AShot adaptado) adjuntada: Datos tomador
2026-09-09 14:21:49  INFO  Datos tomador rellenos. DNI: 46291767N
2026-09-09 14:21:50  INFO  Direccion rellena
2026-09-09 14:21:52  INFO  Vehiculo relleno
2026-09-09 14:21:53  INFO  Alta poliza realizada correctamente
2026-09-09 14:25:45  INFO  Iniciando test: altaPolizaIndividual
2026-09-09 14:25:45  INFO  Carpeta del test creada en: C:\Users\PIC2511\eclipse-workspace\SD\evidencias\SD_20260909\altaPolizaIndividual
2026-09-09 14:25:48  INFO  Navegando a: https://consorcio:CcsCast3llaNa!@apacheppro.intranet.consorseguros.es/SDProduccionTest/servlet/login.do
2026-09-09 14:25:52  INFO  Datos generales rellenos
2026-09-09 14:25:54  INFO  Captura de página completa adjuntada: Datos tomador
2026-09-09 14:25:55  INFO  Datos tomador rellenos. DNI: 46291767N
2026-09-09 14:25:56  INFO  Direccion rellena
2026-09-09 14:25:58  INFO  Vehiculo relleno
2026-09-09 14:26:00  INFO  Alta poliza realizada correctamente
2026-09-09 14:35:30  INFO  Iniciando test: altaPolizaIndividual
2026-09-09 14:35:30  INFO  Carpeta del test creada en: C:\Users\PIC2511\eclipse-workspace\SD\evidencias\SD_20260909\altaPolizaIndividual
2026-09-09 14:35:33  INFO  Navegando a: https://consorcio:CcsCast3llaNa!@apacheppro.intranet.consorseguros.es/SDProduccionTest/servlet/login.do
2026-09-09 14:35:38  INFO  Datos generales rellenos
2026-09-09 14:35:40  INFO  Captura de página completa adjuntada: Datos tomador
2026-09-09 14:35:40  INFO  Datos tomador rellenos. DNI: 46291767N
2026-09-09 14:35:44  INFO  Captura de página completa adjuntada: Datos dirección
2026-09-09 14:35:44  INFO  Direccion rellena
2026-09-09 14:35:50  INFO  Captura de página completa adjuntada: Datos vehículo
2026-09-09 14:35:50  INFO  Vehiculo relleno
2026-09-09 14:35:53  INFO  Captura de página completa adjuntada: Alta ok
2026-09-09 14:35:53  INFO  Alta poliza realizada correctamente
